loaded weights (92, 64)/(64, 32), 2628 real frames [0s]
[L1] grid                     r=0.0001: Weff err 0.084 act 0.103 area 1.00 wire 1.00  [1s]
[L1] grid+perm                r=0.0001: Weff err 0.076 act 0.096 area 1.00 wire 1.00  [1s]
[L1] grid                     r=0.001: Weff err 0.484 act 0.556 area 1.00 wire 1.00 | comp 0.4159 (clip 2.3%) act 0.540  [4s]
[L1] grid+perm                r=0.001: Weff err 0.455 act 0.535 area 1.00 wire 1.00 | comp 0.3668 (clip 1.0%) act 0.498  [6s]
[L1] grid                     r=0.003: Weff err 0.751 act 0.822 area 1.00 wire 1.00 | comp 0.8047 (clip 22.2%) act 0.919  [9s]
[L1] grid+perm                r=0.003: Weff err 0.727 act 0.808 area 1.00 wire 1.00 | comp 0.7810 (clip 23.3%) act 0.889  [12s]
-- theta=0.05: pruned 17% of cells, prune-only err 0.047
[L1] grid_pruned t0.05        r=0.0001: Weff err 0.095 act 0.112 area 1.00 wire 1.00  [12s]
[L1] grid_pruned t0.05        r=0.001: Weff err 0.481 act 0.552 area 1.00 wire 1.00  [13s]
[L1] grid_pruned t0.05        r=0.003: Weff err 0.747 act 0.817 area 1.00 wire 1.00  [13s]
[L1] tiled k2 t0.05           r=0.0001: Weff err 0.088 act 0.080 area 1.00 wire 1.35  [14s]
[L1] tiled k2 t0.05           r=0.001: Weff err 0.426 act 0.389 area 1.00 wire 1.35 | comp 0.3789 (clip 8.8%) act 0.328  [16s]
[L1] tiled k2 t0.05           r=0.003: Weff err 0.682 act 0.639 area 1.00 wire 1.35 | comp 0.7255 (clip 24.9%) act 0.653  [18s]
[L1] tiled k4 t0.05           r=0.0001: Weff err 0.089 act 0.080 area 1.00 wire 1.43  [18s]
[L1] tiled k4 t0.05           r=0.001: Weff err 0.428 act 0.373 area 1.00 wire 1.43 | comp 0.3602 (clip 11.4%) act 0.270  [19s]
[L1] tiled k4 t0.05           r=0.003: Weff err 0.674 act 0.597 area 1.00 wire 1.43 | comp 0.7130 (clip 30.6%) act 0.588  [21s]
-- theta=0.1: pruned 33% of cells, prune-only err 0.134
[L1] grid_pruned t0.1         r=0.0001: Weff err 0.155 act 0.152 area 1.00 wire 1.00  [21s]
[L1] grid_pruned t0.1         r=0.001: Weff err 0.478 act 0.541 area 1.00 wire 1.00  [22s]
[L1] grid_pruned t0.1         r=0.003: Weff err 0.739 act 0.804 area 1.00 wire 1.00  [22s]
[L1] tiled k2 t0.1            r=0.0001: Weff err 0.151 act 0.131 area 1.00 wire 1.35  [22s]
[L1] tiled k2 t0.1            r=0.001: Weff err 0.425 act 0.387 area 1.00 wire 1.35 | comp 0.3753 (clip 8.8%) act 0.327  [24s]
[L1] tiled k2 t0.1            r=0.003: Weff err 0.672 act 0.631 area 1.00 wire 1.35 | comp 0.7235 (clip 25.0%) act 0.655  [26s]
[L1] tiled k4 t0.1            r=0.0001: Weff err 0.152 act 0.133 area 1.00 wire 1.43  [26s]
[L1] tiled k4 t0.1            r=0.001: Weff err 0.428 act 0.389 area 1.00 wire 1.43 | comp 0.3586 (clip 11.4%) act 0.299  [27s]
[L1] tiled k4 t0.1            r=0.003: Weff err 0.668 act 0.607 area 1.00 wire 1.43 | comp 0.7149 (clip 30.9%) act 0.611  [29s]
-- theta=0.2: pruned 60% of cells, prune-only err 0.355
[L1] grid_pruned t0.2         r=0.0001: Weff err 0.360 act 0.353 area 1.00 wire 1.00  [29s]
[L1] grid_pruned t0.2         r=0.001: Weff err 0.517 act 0.563 area 1.00 wire 1.00  [29s]
[L1] grid_pruned t0.2         r=0.003: Weff err 0.726 act 0.777 area 1.00 wire 1.00  [30s]
[L1] tiled k2 t0.2            r=0.0001: Weff err 0.359 act 0.347 area 1.00 wire 1.33  [30s]
[L1] tiled k2 t0.2            r=0.001: Weff err 0.491 act 0.502 area 1.00 wire 1.33 | comp 0.4105 (clip 9.6%) act 0.410  [32s]
[L1] tiled k2 t0.2            r=0.003: Weff err 0.682 act 0.693 area 1.00 wire 1.33 | comp 0.7435 (clip 27.5%) act 0.746  [34s]
[L1] tiled k4 t0.2            r=0.0001: Weff err 0.360 act 0.345 area 0.99 wire 1.40  [34s]
[L1] tiled k4 t0.2            r=0.001: Weff err 0.498 act 0.471 area 0.99 wire 1.40 | comp 0.3909 (clip 11.5%) act 0.327  [35s]
[L1] tiled k4 t0.2            r=0.003: Weff err 0.678 act 0.640 area 0.99 wire 1.40 | comp 0.7285 (clip 29.9%) act 0.644  [37s]
[L2] grid                     r=0.0001: Weff err 0.036 act 0.049 area 1.00 wire 1.00  [37s]
[L2] grid+perm                r=0.0001: Weff err 0.035 act 0.044 area 1.00 wire 1.00  [37s]
[L2] tiled k2 t0.1            r=0.0001: Weff err 0.120 act 0.125 area 1.00 wire 1.16  [37s]
[L2] grid                     r=0.001: Weff err 0.267 act 0.350 area 1.00 wire 1.00 | comp 0.1609 (clip 0.5%) act 0.250  [38s]
[L2] grid+perm                r=0.001: Weff err 0.258 act 0.319 area 1.00 wire 1.00 | comp 0.1592 (clip 0.4%) act 0.256  [38s]
[L2] tiled k2 t0.1            r=0.001: Weff err 0.296 act 0.363 area 1.00 wire 1.16 | comp 0.1965 (clip 1.3%) act 0.303  [39s]
[L2] grid                     r=0.003: Weff err 0.533 act 0.654 area 1.00 wire 1.00 | comp 0.5038 (clip 7.6%) act 0.668  [39s]
[L2] grid+perm                r=0.003: Weff err 0.519 act 0.618 area 1.00 wire 1.00 | comp 0.4770 (clip 6.7%) act 0.632  [40s]
[L2] tiled k2 t0.1            r=0.003: Weff err 0.535 act 0.623 area 1.00 wire 1.16 | comp 0.5134 (clip 9.4%) act 0.648  [41s]
printed op-point r=2.4e-9 grid: Weff err 2.18e-03 (immune, as F15)

wrote results_topology_v14.csv (42 rows) [41s total]
